> pluck a 1
no such key

> set a 1 2 3 
ok

> pluck a 4
index out of range

> pluck a 0
index out of range

> pluck a 3
3

> get a 
[1 2]

> set a 1 2 3 4 5 6
ok

> pluck a 1
1

> pluck a 1
2

> pluck a 2
4

> pluck a 2
5

> pluck a 2
6

> get a 
[3]

> pluck a 1
3

> get a 
[]

> bye
bye
