> del a 
no such key

> get a 
no such key

> set a 1 2 3 
ok

> get a 
[1 2 3]

> del a
ok

> get a 
no such key

> bye
bye
