> pop a 
no such key

> pop b
no such key

> set a 1 2 3 
ok

> pop a 
1

> get a 
[2 3]

> pop a 1 
2

> get a 
[3]

> pop a 1
3

> get a 
[]

> pop a 1
nil

> get a 
[]

> bye
bye
