> push a 1 
no such key

> set a 1 2 3 
ok

> push a 4 5
ok

> get a 
[5 4 1 2 3]

> append a 4 5
ok

> get a 
[5 4 1 2 3 4 5]

> set a 3
ok

> push a 2 1
ok

> get a 
[1 2 3]

> append a 4 5
ok

> get a 
[1 2 3 4 5]

> bye
bye
