> list keys
no keys

> list entries 
no entries

> set a 1 
ok

> list keys
a

> set b 2
ok

> list keys
b
a

> set c 3 
ok

> list keys 
c
b
a

> list entries 
c [3]
b [2]
a [1]

> list snapshots 
no snapshots

> bye
bye
